// Jest Snapshot v1, https://goo.gl/fbAQLP

exports[`App should exist and match snapshot 1`] = `
<div
  className="div"
>
  <Header
    displayFavorites={[Function]}
    fetchData={[Function]}
  />
  <Welcome
    randomFilm={Object {}}
  />
</div>
`;
